// Vitest Snapshot v1

exports[`BannerSection > renders properly 1`] = `
"<div class=\\"h-72 relative md:h-96\\" data-v-c570277c=\\"\\">
  <div class=\\"bg absolute inset-0\\" data-v-c570277c=\\"\\"></div>
  <div class=\\"absolute inset-0 text-center md:max-w-6xl md:mx-auto\\" data-v-c570277c=\\"\\">
    <h1 class=\\"text-5xl mt-12 mb-4\\" data-v-c570277c=\\"\\"><span class=\\"text-primary font-faster\\">Karts</span><span class=\\"ml-2 mr-4 text-xl text-black\\">&amp;</span><span class=\\"text-secondary font-faster\\">Cars</span></h1>
    <h2 class=\\"font-default text-black text-2xl bg-white opacity-75 m-10 p-4 rounded-xl drop-shadow\\" data-v-c570277c=\\"\\"> Apasionados del motor,<br data-v-c570277c=\\"\\">a tu servicio! </h2>
  </div>
</div>"
`;
